nohup: ignoring input

⚡ Pulse v5.0 Development Server

👀 Watching: /home/ibuu/Desktop/pulse-0.6/pulse-app/src

⚡ Pulse v0.6.0 Dev Server running

  Local:    http://localhost:3000
  Network:  http://0.0.0.0:3000
  HMR:      ✓ Enabled
  Cache:    ✓ Enabled

  Ready in 0ms

  Local:    http://localhost:3000
  Network:  http://0.0.0.0:3000
  HMR:      Enabled
  Source:   ./src

Press Ctrl+C to stop

🔨 Compiling: list.pulse
🔨 Compiling component: Navbar.pulse
🔌 HMR client connected (1 total)
📦 Cache hit: list.pulse
🔌 HMR client connected (2 total)
🔨 Compiling: blog.pulse
🔌 HMR client disconnected (1 remaining)
🔌 HMR client connected (2 total)
📦 Cache hit: list.pulse
🔌 HMR client disconnected (1 remaining)
🔌 HMR client connected (2 total)
🔨 Compiling: show.pulse
🔌 HMR client disconnected (1 remaining)
🔌 HMR client connected (2 total)
🔨 Compiling: list.pulse
🔌 HMR client disconnected (1 remaining)
🔌 HMR client connected (2 total)
📝 File change: UserProfile.pulse
🔄 Full page reload triggered
📊 Cache: 5 entries, 60.0% hit rate
📦 Cache hit: list.pulse
📦 Cache hit: list.pulse
🔌 HMR client disconnected (1 remaining)
🔌 HMR client disconnected (0 remaining)
🔌 HMR client connected (1 total)
🔌 HMR client connected (2 total)
📝 File add: profile.pulse
🔄 Full page reload triggered
📊 Cache: 5 entries, 69.2% hit rate
📦 Cache hit: list.pulse
📦 Cache hit: list.pulse
🔌 HMR client disconnected (1 remaining)
🔌 HMR client disconnected (0 remaining)
🔌 HMR client connected (1 total)
🔌 HMR client connected (2 total)
🔨 Compiling: profile.pulse
🔌 HMR client disconnected (1 remaining)
🔨 Compiling component: UserProfile.pulse
🔌 HMR client connected (2 total)
📦 Cache hit: list.pulse
🔌 HMR client disconnected (1 remaining)
🔌 HMR client connected (2 total)
📦 Cache hit: list.pulse
🔌 HMR client disconnected (1 remaining)
🔌 HMR client connected (2 total)
📦 Cache hit: list.pulse
🔌 HMR client disconnected (1 remaining)
🔌 HMR client connected (2 total)
📦 Cache hit: list.pulse
🔌 HMR client disconnected (1 remaining)
🔌 HMR client connected (2 total)
🔌 HMR client disconnected (1 remaining)
🔌 HMR client connected (2 total)
🔌 HMR client disconnected (1 remaining)
🔌 HMR client connected (2 total)
🔌 HMR client disconnected (1 remaining)
🔌 HMR client connected (2 total)
