nohup: ignoring input

⚡ Pulse v5.0 Development Server

👀 Watching: /home/ibuu/Desktop/pulse-0.6/pulse-app/src

⚡ Pulse v0.6.0 Dev Server running

  Local:    http://localhost:3000
  Network:  http://0.0.0.0:3000
  HMR:      ✓ Enabled
  Cache:    ✓ Enabled

  Ready in 0ms

  Local:    http://localhost:3000
  Network:  http://0.0.0.0:3000
  HMR:      Enabled
  Source:   ./src

Press Ctrl+C to stop

🔨 Compiling: list.pulse
🔌 HMR client connected (1 total)
🔨 Compiling: list.pulse
🔨 Compiling component: Navbar.pulse
🔌 HMR client connected (2 total)
🔌 HMR client disconnected (1 remaining)
📦 Cache hit: list.pulse
🔌 HMR client disconnected (0 remaining)
🔌 HMR client connected (1 total)
🔨 Compiling: show.pulse
🔌 HMR client connected (2 total)
🔨 Compiling: index.pulse
🔌 HMR client connected (3 total)
🔨 Compiling: counter.pulse
🔌 HMR client disconnected (2 remaining)
🔌 HMR client connected (3 total)
📦 Cache hit: index.pulse
🔌 HMR client disconnected (2 remaining)
🔌 HMR client connected (3 total)
🔨 Compiling: blog.pulse
🔌 HMR client disconnected (2 remaining)
🔌 HMR client connected (3 total)
📦 Cache hit: blog.pulse
🔌 HMR client disconnected (2 remaining)
🔌 HMR client connected (3 total)
📦 Cache hit: list.pulse
🔌 HMR client disconnected (2 remaining)
🔌 HMR client connected (3 total)
📦 Cache hit: show.pulse
🔌 HMR client disconnected (2 remaining)
🔌 HMR client connected (3 total)
📦 Cache hit: list.pulse
🔌 HMR client disconnected (2 remaining)
🔌 HMR client connected (3 total)
📦 Cache hit: blog.pulse
🔌 HMR client disconnected (2 remaining)
🔌 HMR client connected (3 total)
📦 Cache hit: list.pulse
🔌 HMR client disconnected (2 remaining)
🔌 HMR client connected (3 total)
📝 File change: Counter.pulse
🔄 Full page reload triggered
📊 Cache: 7 entries, 73.9% hit rate
📦 Cache hit: blog.pulse
📦 Cache hit: list.pulse
📦 Cache hit: list.pulse
🔌 HMR client disconnected (2 remaining)
🔌 HMR client disconnected (1 remaining)
🔌 HMR client disconnected (0 remaining)
🔌 HMR client connected (1 total)
🔌 HMR client connected (2 total)
🔌 HMR client connected (3 total)
📝 File change: Counter.pulse
🔄 Full page reload triggered
📊 Cache: 7 entries, 79.3% hit rate
📦 Cache hit: blog.pulse
📦 Cache hit: list.pulse
🔌 HMR client disconnected (2 remaining)
📦 Cache hit: list.pulse
🔌 HMR client disconnected (1 remaining)
🔌 HMR client disconnected (0 remaining)
🔌 HMR client connected (1 total)
🔌 HMR client connected (2 total)
🔌 HMR client connected (3 total)
📝 File change: Counter2.pulse
🔄 Full page reload triggered
📊 Cache: 7 entries, 82.9% hit rate
📦 Cache hit: blog.pulse
📦 Cache hit: list.pulse
🔌 HMR client disconnected (2 remaining)
📦 Cache hit: list.pulse
🔌 HMR client disconnected (1 remaining)
🔌 HMR client disconnected (0 remaining)
🔌 HMR client connected (1 total)
🔌 HMR client connected (2 total)
🔌 HMR client connected (3 total)
📝 File change: attributes.pulse
🔄 Full page reload triggered
📊 Cache: 7 entries, 85.4% hit rate
📦 Cache hit: blog.pulse
📦 Cache hit: list.pulse
🔌 HMR client disconnected (2 remaining)
📦 Cache hit: list.pulse
🔌 HMR client disconnected (1 remaining)
🔌 HMR client disconnected (0 remaining)
🔌 HMR client connected (1 total)
🔌 HMR client connected (2 total)
🔌 HMR client connected (3 total)
📝 File change: TodoList.pulse
🔄 Full page reload triggered
📊 Cache: 7 entries, 87.2% hit rate
📦 Cache hit: list.pulse
📦 Cache hit: blog.pulse
📦 Cache hit: list.pulse
🔌 HMR client disconnected (2 remaining)
🔌 HMR client disconnected (1 remaining)
🔌 HMR client disconnected (0 remaining)
🔌 HMR client connected (1 total)
🔌 HMR client connected (2 total)
🔌 HMR client connected (3 total)
📝 File change: TodoList.pulse
🔄 Full page reload triggered
📊 Cache: 7 entries, 88.7% hit rate
📦 Cache hit: blog.pulse
📦 Cache hit: list.pulse
📦 Cache hit: list.pulse
🔌 HMR client disconnected (2 remaining)
🔌 HMR client disconnected (1 remaining)
🔌 HMR client disconnected (0 remaining)
🔌 HMR client connected (1 total)
🔌 HMR client connected (2 total)
🔌 HMR client connected (3 total)
📝 File change: blog.pulse
🔄 Full page reload triggered
📊 Cache: 6 entries, 89.8% hit rate
📦 Cache hit: list.pulse
🔨 Compiling: blog.pulse
📦 Cache hit: list.pulse
🔌 HMR client disconnected (2 remaining)
🔌 HMR client disconnected (1 remaining)
🔌 HMR client disconnected (0 remaining)
🔌 HMR client connected (1 total)
🔌 HMR client connected (2 total)
🔌 HMR client connected (3 total)
📝 File change: blog.pulse
🔄 Full page reload triggered
📊 Cache: 6 entries, 89.2% hit rate
🔨 Compiling: blog.pulse
📦 Cache hit: list.pulse
🔌 HMR client disconnected (2 remaining)
📦 Cache hit: list.pulse
🔌 HMR client disconnected (1 remaining)
🔌 HMR client disconnected (0 remaining)
🔌 HMR client connected (1 total)
🔌 HMR client connected (2 total)
🔌 HMR client connected (3 total)
📝 File change: UserProfile.pulse
🔄 Full page reload triggered
📊 Cache: 7 entries, 88.7% hit rate
📦 Cache hit: blog.pulse
📦 Cache hit: list.pulse
📦 Cache hit: list.pulse
🔌 HMR client disconnected (2 remaining)
🔌 HMR client disconnected (1 remaining)
🔌 HMR client disconnected (0 remaining)
🔌 HMR client connected (1 total)
🔌 HMR client connected (2 total)
🔌 HMR client connected (3 total)
📝 File add: todo.pulse
🔄 Full page reload triggered
📊 Cache: 7 entries, 89.6% hit rate
📦 Cache hit: blog.pulse
📦 Cache hit: list.pulse
🔌 HMR client disconnected (2 remaining)
📦 Cache hit: list.pulse
🔌 HMR client disconnected (1 remaining)
🔌 HMR client disconnected (0 remaining)
🔌 HMR client connected (1 total)
🔌 HMR client connected (2 total)
🔌 HMR client connected (3 total)
📦 Cache hit: list.pulse
🔌 HMR client disconnected (2 remaining)
🔌 HMR client connected (3 total)
📦 Cache hit: blog.pulse
🔌 HMR client disconnected (2 remaining)
🔌 HMR client connected (3 total)
📦 Cache hit: show.pulse
🔌 HMR client disconnected (2 remaining)
🔌 HMR client connected (3 total)
📦 Cache hit: list.pulse
🔌 HMR client disconnected (2 remaining)
🔌 HMR client connected (3 total)
📦 Cache hit: blog.pulse
🔌 HMR client disconnected (2 remaining)
🔌 HMR client connected (3 total)
