nohup: ignoring input

⚡ Pulse v5.0 Development Server

👀 Watching: /home/ibuu/Desktop/pulse-0.6/pulse-app/src

⚡ Pulse v0.6.0 Dev Server running

  Local:    http://localhost:3000
  Network:  http://0.0.0.0:3000
  HMR:      ✓ Enabled
  Cache:    ✓ Enabled

  Ready in 0ms

  Local:    http://localhost:3000
  Network:  http://0.0.0.0:3000
  HMR:      Enabled
  Source:   ./src

Press Ctrl+C to stop

📝 File add: attributes.pulse
🔄 Full page reload triggered
📊 Cache: 0 entries, 0.0% hit rate
🔨 Compiling: show.pulse
🔨 Compiling: list.pulse
🔨 Compiling component: Navbar.pulse
🔌 HMR client connected (1 total)
🔌 HMR client connected (2 total)
🔨 Compiling: index.pulse
🔌 HMR client disconnected (1 remaining)
🔌 HMR client connected (2 total)
🔨 Compiling: counter.pulse
🔌 HMR client disconnected (1 remaining)
🔌 HMR client connected (2 total)
🔨 Compiling: blog.pulse
🔌 HMR client connected (3 total)
📦 Cache hit: show.pulse
🔌 HMR client disconnected (2 remaining)
🔌 HMR client connected (3 total)
📦 Cache hit: list.pulse
🔌 HMR client disconnected (2 remaining)
🔌 HMR client connected (3 total)
📦 Cache hit: index.pulse
🔌 HMR client disconnected (2 remaining)
🔌 HMR client connected (3 total)
📦 Cache hit: counter.pulse
🔌 HMR client disconnected (2 remaining)
🔌 HMR client connected (3 total)
📦 Cache hit: index.pulse
🔌 HMR client disconnected (2 remaining)
🔌 HMR client connected (3 total)
🔌 HMR client disconnected (2 remaining)
🔌 HMR client connected (3 total)
🔌 HMR client connected (4 total)
🔌 HMR client disconnected (3 remaining)
🔌 HMR client disconnected (2 remaining)
🔌 HMR client connected (3 total)
📦 Cache hit: blog.pulse
🔌 HMR client disconnected (2 remaining)
🔌 HMR client connected (3 total)
📦 Cache hit: list.pulse
🔌 HMR client disconnected (2 remaining)
🔌 HMR client connected (3 total)
📦 Cache hit: show.pulse
🔌 HMR client disconnected (2 remaining)
🔌 HMR client connected (3 total)
📦 Cache hit: list.pulse
🔌 HMR client disconnected (2 remaining)
🔌 HMR client connected (3 total)
📦 Cache hit: counter.pulse
🔌 HMR client connected (4 total)
🔌 HMR client disconnected (3 remaining)
📦 Cache hit: counter.pulse
📦 Cache hit: counter.pulse
📦 Cache hit: counter.pulse
🔌 HMR client disconnected (2 remaining)
🔌 HMR client disconnected (1 remaining)
🔌 HMR client disconnected (0 remaining)
